  
             *************************************************
             *   Multi-Trait Index Selection Software MSSEL  *
             *                 developed by:                 *
             *                                               *
             *        Marc J.M. Rutten and Piter Bijma       *
             *                                               *
             *                  version 1.1                  *
             *                                               *
             *       Animal Breeding and Genetics Group      *
             *          Wageningen University, 2000          *
             *************************************************
  
  
  TRAITS
  
    eADG    
    ADG     
    FCR     
  
  
   TRAIT PARAMETERS
   
        phenotypic variance  heritability  com.env.effect
eADG           15.000           0.200           0.050
ADG           100.000           0.250           0.050
FCR             0.050           0.150           0.050
  
  
   PHENOTYPIC CORRELATIONS
   
             eADG     ADG      FCR     
eADG           1.000
ADG            0.250    1.000
FCR            0.100   -0.500    1.000
  
   GENETIC CORRELATIONS
   
             eADG     ADG      FCR     
eADG           1.000
ADG            0.300    1.000
FCR            0.100   -0.500    1.000
  
   COMMON ENVIRONMENTAL CORRELATIONS
   
             eADG     ADG      FCR     
eADG           1.000
ADG            0.050    1.000
FCR            0.050   -0.050    1.000
  
  
  BREEDING GOAL INFORMATION
  
          5.000 * ADG     
        -27.000 * FCR     
  
  
   POPULATION SIZE
   
               number of selected sires :   10.000
                number of selected dams :  200.000
 number of male selection candidates per d   5.000
 number of female selection candidates per   5.000
  
 selected proportion sires : 0.010
  selected proportion dams : 0.200
  
  CHARACTERISTICS OF THE USED GROUPS
  
  full-sib group            1  with    9.00000000      animals
  half-sib group            1  with    200.000000      dams, producing    190.000000     animals
  
  
  INDEX INFORMATION
  
     own performance                      for eADG      (   0.549)
     ebv of the dam                       for eADG      (   1.572)
     ebv of the sire                      for eADG      (   0.235)
     information of fs-group            1 for eADG      (   0.502)
     information of hs-group            1 for eADG      (   2.674)
     mean ebv of the dams of hs-group   1 for eADG      (  -1.337)
  
  
              ******************   RESULTS   *******************
  
  EQUILIBRIUM PARAMETERS
  
        phenotypic variance  heritability  com.env.effect
eADG           14.390           0.166           0.052
ADG            99.542           0.247           0.050
FCR             0.050           0.150           0.050
  
   PHENOTYPIC CORRELATIONS
   
             eADG     ADG      FCR     
eADG           1.000
ADG            0.242    1.000
FCR            0.099   -0.502    1.000
  
  
   GENETIC CORRELATIONS
   
             eADG     ADG      FCR     
eADG           1.000
ADG            0.270    1.000
FCR            0.089   -0.511    1.000
  
  
   COMMON ENVIRONMENTAL CORRELATIONS
   
             eADG     ADG      FCR     
eADG           1.000
ADG            0.050    1.000
FCR            0.050   -0.050    1.000
  
  RESPONSE
                            sires           dams          total
 ADG     
         trait units :      0.913          0.501          1.413
      economic units :      4.564          2.503          7.067
 % of total response :     66.662         36.556        103.218
  
 FCR     
         trait units :      0.005          0.003          0.008
      economic units :     -0.142         -0.078         -0.220
 % of total response :     -2.078         -1.140         -3.218
  
  CORRELATED RESPONSE
                            sires           dams          total
 eADG    
         trait units :      1.054          0.578          1.632
  
  TOTAL RESPONSE
                            sires           dams          total
      economic units :      4.422          2.425          6.846
  
  
        index variance :        12.819
 breeding goal variance :       678.183
     accuracy of index :         0.137
  
 increase of inbreeding :  4.236% per generation
  
                       ******  end of output  ******
